<html>
<body>
<pre>
<h1>礦ision Build Log</h1>
<h2>Project:</h2>
E:\比赛\挑战杯\跌到检测项目\USER\TEST.uvproj
Project File Date:  03/12/2015

<h2>Output:</h2>
Build target 'Target 1'
linking...
Program Size: Code=8420 RO-data=268 RW-data=32 ZI-data=640  
FromELF: creating hex file...
".\TEST.axf" - 0 Error(s), 0 Warning(s).
r(s), 0 Warning(s).
r(s), 0 Warning(s).
\\TEST.axf" 
Set JLink Project File to "E:\比赛\挑战杯\跌到检测项目\USER\JLinkSettings.ini"
* JLink Info: Device "STM32F103RB" selected (128 KB flash, 20 KB RAM).
 
JLink info:
------------
DLL: V4.80g, compiled Feb 13 2014 20:50:02
Firmware: J-Link ARM V8 compiled Nov 25 2013 19:20:08
Hardware: V8.00
S/N : 17935099 
Feature(s) : RDI,FlashDL,FlashBP,JFlash 
 
* JLink Info: Found SWD-DP with ID 0x1BA01477
* JLink Info: Found SWD-DP with ID 0x1BA01477
* JLink Info: Found Cortex-M3 r1p1, Little endian.
* JLink Info: FPUnit: 6 code (BP) slots and 2 literal slots
* JLink Info: TPIU fitted.
ROMTableAddr = 0xE00FF003
 
Target info:
------------
Device: STM32F103RB
VTarget = 3.364V
State of Pins: 
TCK: 0, TDI: 1, TDO: 1, TMS: 1, TRES: 1, TRST: 1
Hardware-Breakpoints: 6
Software-Breakpoints: 8192
Watchpoints:          4
JTAG speed: 4000 kHz
 
Include "E:\\比赛\\挑战杯\\跌到检测项目\\USER\\JLinkSettings.ini" 
[BREAKPOINTS]
^
*** error 10: Syntax error
Erase Done.
Programming Done.
Verify OK.
Application running ...
:
------------
DLL: V4.80g, compiled Feb 13 2014 20:50:02
Firmware: J-Link ARM V8 compiled Nov 25 2013 19:20:08
Hardware: V8.00
S/N : 17935099 
Feature(s) : RDI,FlashDL,FlashBP,JFlash 
 
* JLink Info: Found SWD-DP with ID 0x1BA01477
* JLink Info: Found SWD-DP with ID 0x1BA01477
* JLink Info: Found Cortex-M3 r1p1, Little endian.
* JLink Info: FPUnit: 6 code (BP) slots and 2 literal slots
* JLink Info: TPIU fitted.
ROMTableAddr = 0xE00FF003
 
Target info:
------------
Device: STM32F103RB
VTarget = 3.358V
State of Pins: 
TCK: 0, TDI: 1, TDO: 1, TMS: 1, TRES: 1, TRST: 1
Hardware-Breakpoints: 6
Software-Breakpoints: 8192
Watchpoints:          4
JTAG speed: 4000 kHz
 
Include "E:\\比赛\\挑战杯\\跌到检测项目\\USER\\JLinkSettings.ini" 
[BREAKPOINTS]
^
*** error 10: Syntax error
Erase Done.
Programming Done.
Verify OK.
Application running ...
