Product: MDK-ARM Professional 5.10
Component: ARM Compiler 5.04 update 1 (build 49)
Tool: armlink [5040049]

==============================================================================

Section Cross References

    stm32f10x.o(RESET) refers to stm32f10x.o(STACK) for __initial_sp
    stm32f10x.o(RESET) refers to stm32f10x.o(.text) for Reset_Handler
    stm32f10x.o(RESET) refers to timer.o(.text) for TIM4_IRQHandler
    stm32f10x.o(RESET) refers to usart.o(.text) for USART1_IRQHandler
    stm32f10x.o(.text) refers to entry.o(.ARM.Collect$$$$00000000) for __main
    test.o(.text) refers to sys.o(.text) for Stm32_Clock_Init
    test.o(.text) refers to led.o(.text) for LED_Init
    test.o(.text) refers to key.o(.text) for KEY_Init
    test.o(.text) refers to delay.o(.text) for delay_init
    test.o(.text) refers to usart.o(.text) for uart_init
    test.o(.text) refers to timer.o(.text) for Timer4_Init
    test.o(.text) refers to fall.o(.text) for fall_test
    delay.o(.text) refers to delay.o(.data) for fac_us
    sys.o(.text) refers to sys.o(.emb_text) for WFI_SET
    usart.o(.text) refers to ffltui.o(.text) for __aeabi_ui2f
    usart.o(.text) refers to fdiv.o(.text) for __aeabi_fdiv
    usart.o(.text) refers to ffixui.o(.text) for __aeabi_f2uiz
    usart.o(.text) refers to fadd.o(.text) for __aeabi_frsub
    usart.o(.text) refers to fmul.o(.text) for __aeabi_fmul
    usart.o(.text) refers to sys.o(.text) for MY_NVIC_Init
    usart.o(.text) refers to usart.o(.data) for USART_RX_STA
    usart.o(.text) refers to usart.o(.bss) for USART_RX_BUF
    key.o(.text) refers to sys.o(.text) for JTAG_Set
    key.o(.text) refers to delay.o(.text) for delay_ms
    key.o(.text) refers to key.o(.data) for key_up
    read.o(.text) refers to f2d.o(.text) for __aeabi_f2d
    read.o(.text) refers to ddiv.o(.text) for __aeabi_ddiv
    read.o(.text) refers to d2f.o(.text) for __aeabi_d2f
    read.o(.text) refers to printfa.o(i.__0printf) for __2printf
    read.o(.text) refers to dflti.o(.text) for __aeabi_i2d
    read.o(.text) refers to dmul.o(.text) for __aeabi_dmul
    read.o(.text) refers to dadd.o(.text) for __aeabi_dadd
    read.o(.text) refers to sqrt.o(i.sqrt) for sqrt
    read.o(.text) refers to fadd.o(.text) for __aeabi_fadd
    read.o(.text) refers to read.o(.data) for SVM
    read.o(.text) refers to usart.o(.data) for sign
    read.o(.text) refers to usart.o(.bss) for USART2_RX_BUF
    read.o(.text) refers to read.o(.bss) for acc
    fall.o(.text) refers to read.o(.text) for read_mpu_acc
    fall.o(.text) refers to f2d.o(.text) for __aeabi_f2d
    fall.o(.text) refers to dadd.o(.text) for __aeabi_dsub
    fall.o(.text) refers to cdrcmple.o(.text) for __aeabi_cdrcmple
    fall.o(.text) refers to delay.o(.text) for delay_ms
    fall.o(.text) refers to fadd.o(.text) for __aeabi_fsub
    fall.o(.text) refers to key.o(.text) for KEY_Scan
    fall.o(.text) refers to printfa.o(i.__0printf) for __2printf
    fall.o(.text) refers to usart.o(.text) for USART3_Translate
    fall.o(.text) refers to fall.o(.data) for fall_flag
    fall.o(.text) refers to read.o(.data) for ANGLE
    fall.o(.text) refers to timer.o(.data) for time
    timer.o(.text) refers to sys.o(.text) for MY_NVIC_Init
    timer.o(.text) refers to timer.o(.data) for time
    timer.o(.text) refers to fall.o(.data) for fall_flag
    sqrt.o(i.__softfp_sqrt) refers (Special) to iusefp.o(.text) for __I$use$fp
    sqrt.o(i.__softfp_sqrt) refers to dsqrt.o(.text) for _dsqrt
    sqrt.o(i.__softfp_sqrt) refers to errno.o(i.__set_errno) for __set_errno
    sqrt.o(i.sqrt) refers (Special) to iusefp.o(.text) for __I$use$fp
    sqrt.o(i.sqrt) refers to dsqrt.o(.text) for _dsqrt
    sqrt.o(i.sqrt) refers to errno.o(i.__set_errno) for __set_errno
    sqrt_x.o(i.____softfp_sqrt$lsc) refers (Special) to iusefp.o(.text) for __I$use$fp
    sqrt_x.o(i.____softfp_sqrt$lsc) refers to cdcmple.o(.text) for __aeabi_cdcmple
    sqrt_x.o(i.____softfp_sqrt$lsc) refers to errno.o(i.__set_errno) for __set_errno
    sqrt_x.o(i.____softfp_sqrt$lsc) refers to dsqrt.o(.text) for _dsqrt
    sqrt_x.o(i.__sqrt$lsc) refers (Special) to iusefp.o(.text) for __I$use$fp
    sqrt_x.o(i.__sqrt$lsc) refers to cdcmple.o(.text) for __aeabi_cdcmple
    sqrt_x.o(i.__sqrt$lsc) refers to errno.o(i.__set_errno) for __set_errno
    sqrt_x.o(i.__sqrt$lsc) refers to dsqrt.o(.text) for _dsqrt
    entry.o(.ARM.Collect$$$$00000000) refers (Special) to entry10a.o(.ARM.Collect$$$$0000000D) for __rt_final_cpp
    entry.o(.ARM.Collect$$$$00000000) refers (Special) to entry11a.o(.ARM.Collect$$$$0000000F) for __rt_final_exit
    entry.o(.ARM.Collect$$$$00000000) refers (Special) to entry7b.o(.ARM.Collect$$$$00000008) for _main_clock
    entry.o(.ARM.Collect$$$$00000000) refers (Special) to entry8b.o(.ARM.Collect$$$$0000000A) for _main_cpp_init
    entry.o(.ARM.Collect$$$$00000000) refers (Special) to entry9a.o(.ARM.Collect$$$$0000000B) for _main_init
    entry.o(.ARM.Collect$$$$00000000) refers (Special) to entry5.o(.ARM.Collect$$$$00000004) for _main_scatterload
    entry.o(.ARM.Collect$$$$00000000) refers (Special) to entry2.o(.ARM.Collect$$$$00000001) for _main_stk
    printfb.o(i.__0fprintf$bare) refers to printfb.o(i._printf_core) for _printf_core
    printfb.o(i.__0fprintf$bare) refers to usart.o(.text) for fputc
    printfb.o(i.__0printf$bare) refers to printfb.o(i._printf_core) for _printf_core
    printfb.o(i.__0printf$bare) refers to usart.o(.text) for fputc
    printfb.o(i.__0printf$bare) refers to usart.o(.data) for __stdout
    printfb.o(i.__0snprintf$bare) refers to printfb.o(i._printf_core) for _printf_core
    printfb.o(i.__0snprintf$bare) refers to printfb.o(i._snputc) for _snputc
    printfb.o(i.__0sprintf$bare) refers to printfb.o(i._printf_core) for _printf_core
    printfb.o(i.__0sprintf$bare) refers to printfb.o(i._sputc) for _sputc
    printfb.o(i.__0vfprintf$bare) refers to printfb.o(i._printf_core) for _printf_core
    printfb.o(i.__0vfprintf$bare) refers to usart.o(.text) for fputc
    printfb.o(i.__0vprintf$bare) refers to printfb.o(i._printf_core) for _printf_core
    printfb.o(i.__0vprintf$bare) refers to usart.o(.text) for fputc
    printfb.o(i.__0vprintf$bare) refers to usart.o(.data) for __stdout
    printfb.o(i.__0vsnprintf$bare) refers to printfb.o(i._printf_core) for _printf_core
    printfb.o(i.__0vsnprintf$bare) refers to printfb.o(i._snputc) for _snputc
    printfb.o(i.__0vsprintf$bare) refers to printfb.o(i._printf_core) for _printf_core
    printfb.o(i.__0vsprintf$bare) refers to printfb.o(i._sputc) for _sputc
    printf0.o(i.__0fprintf$0) refers to printf0.o(i._printf_core) for _printf_core
    printf0.o(i.__0fprintf$0) refers to usart.o(.text) for fputc
    printf0.o(i.__0printf$0) refers to printf0.o(i._printf_core) for _printf_core
    printf0.o(i.__0printf$0) refers to usart.o(.text) for fputc
    printf0.o(i.__0printf$0) refers to usart.o(.data) for __stdout
    printf0.o(i.__0snprintf$0) refers to printf0.o(i._printf_core) for _printf_core
    printf0.o(i.__0snprintf$0) refers to printf0.o(i._snputc) for _snputc
    printf0.o(i.__0sprintf$0) refers to printf0.o(i._printf_core) for _printf_core
    printf0.o(i.__0sprintf$0) refers to printf0.o(i._sputc) for _sputc
    printf0.o(i.__0vfprintf$0) refers to printf0.o(i._printf_core) for _printf_core
    printf0.o(i.__0vfprintf$0) refers to usart.o(.text) for fputc
    printf0.o(i.__0vprintf$0) refers to printf0.o(i._printf_core) for _printf_core
    printf0.o(i.__0vprintf$0) refers to usart.o(.text) for fputc
    printf0.o(i.__0vprintf$0) refers to usart.o(.data) for __stdout
    printf0.o(i.__0vsnprintf$0) refers to printf0.o(i._printf_core) for _printf_core
    printf0.o(i.__0vsnprintf$0) refers to printf0.o(i._snputc) for _snputc
    printf0.o(i.__0vsprintf$0) refers to printf0.o(i._printf_core) for _printf_core
    printf0.o(i.__0vsprintf$0) refers to printf0.o(i._sputc) for _sputc
    printf1.o(i.__0fprintf$1) refers to printf1.o(i._printf_core) for _printf_core
    printf1.o(i.__0fprintf$1) refers to usart.o(.text) for fputc
    printf1.o(i.__0printf$1) refers to printf1.o(i._printf_core) for _printf_core
    printf1.o(i.__0printf$1) refers to usart.o(.text) for fputc
    printf1.o(i.__0printf$1) refers to usart.o(.data) for __stdout
    printf1.o(i.__0snprintf$1) refers to printf1.o(i._printf_core) for _printf_core
    printf1.o(i.__0snprintf$1) refers to printf1.o(i._snputc) for _snputc
    printf1.o(i.__0sprintf$1) refers to printf1.o(i._printf_core) for _printf_core
    printf1.o(i.__0sprintf$1) refers to printf1.o(i._sputc) for _sputc
    printf1.o(i.__0vfprintf$1) refers to printf1.o(i._printf_core) for _printf_core
    printf1.o(i.__0vfprintf$1) refers to usart.o(.text) for fputc
    printf1.o(i.__0vprintf$1) refers to printf1.o(i._printf_core) for _printf_core
    printf1.o(i.__0vprintf$1) refers to usart.o(.text) for fputc
    printf1.o(i.__0vprintf$1) refers to usart.o(.data) for __stdout
    printf1.o(i.__0vsnprintf$1) refers to printf1.o(i._printf_core) for _printf_core
    printf1.o(i.__0vsnprintf$1) refers to printf1.o(i._snputc) for _snputc
    printf1.o(i.__0vsprintf$1) refers to printf1.o(i._printf_core) for _printf_core
    printf1.o(i.__0vsprintf$1) refers to printf1.o(i._sputc) for _sputc
    printf1.o(i._printf_core) refers to uidiv.o(.text) for __aeabi_uidivmod
    printf2.o(i.__0fprintf$2) refers to printf2.o(i._printf_core) for _printf_core
    printf2.o(i.__0fprintf$2) refers to usart.o(.text) for fputc
    printf2.o(i.__0printf$2) refers to printf2.o(i._printf_core) for _printf_core
    printf2.o(i.__0printf$2) refers to usart.o(.text) for fputc
    printf2.o(i.__0printf$2) refers to usart.o(.data) for __stdout
    printf2.o(i.__0snprintf$2) refers to printf2.o(i._printf_core) for _printf_core
    printf2.o(i.__0snprintf$2) refers to printf2.o(i._snputc) for _snputc
    printf2.o(i.__0sprintf$2) refers to printf2.o(i._printf_core) for _printf_core
    printf2.o(i.__0sprintf$2) refers to printf2.o(i._sputc) for _sputc
    printf2.o(i.__0vfprintf$2) refers to printf2.o(i._printf_core) for _printf_core
    printf2.o(i.__0vfprintf$2) refers to usart.o(.text) for fputc
    printf2.o(i.__0vprintf$2) refers to printf2.o(i._printf_core) for _printf_core
    printf2.o(i.__0vprintf$2) refers to usart.o(.text) for fputc
    printf2.o(i.__0vprintf$2) refers to usart.o(.data) for __stdout
    printf2.o(i.__0vsnprintf$2) refers to printf2.o(i._printf_core) for _printf_core
    printf2.o(i.__0vsnprintf$2) refers to printf2.o(i._snputc) for _snputc
    printf2.o(i.__0vsprintf$2) refers to printf2.o(i._printf_core) for _printf_core
    printf2.o(i.__0vsprintf$2) refers to printf2.o(i._sputc) for _sputc
    printf3.o(i.__0fprintf$3) refers to printf3.o(i._printf_core) for _printf_core
    printf3.o(i.__0fprintf$3) refers to usart.o(.text) for fputc
    printf3.o(i.__0printf$3) refers to printf3.o(i._printf_core) for _printf_core
    printf3.o(i.__0printf$3) refers to usart.o(.text) for fputc
    printf3.o(i.__0printf$3) refers to usart.o(.data) for __stdout
    printf3.o(i.__0snprintf$3) refers to printf3.o(i._printf_core) for _printf_core
    printf3.o(i.__0snprintf$3) refers to printf3.o(i._snputc) for _snputc
    printf3.o(i.__0sprintf$3) refers to printf3.o(i._printf_core) for _printf_core
    printf3.o(i.__0sprintf$3) refers to printf3.o(i._sputc) for _sputc
    printf3.o(i.__0vfprintf$3) refers to printf3.o(i._printf_core) for _printf_core
    printf3.o(i.__0vfprintf$3) refers to usart.o(.text) for fputc
    printf3.o(i.__0vprintf$3) refers to printf3.o(i._printf_core) for _printf_core
    printf3.o(i.__0vprintf$3) refers to usart.o(.text) for fputc
    printf3.o(i.__0vprintf$3) refers to usart.o(.data) for __stdout
    printf3.o(i.__0vsnprintf$3) refers to printf3.o(i._printf_core) for _printf_core
    printf3.o(i.__0vsnprintf$3) refers to printf3.o(i._snputc) for _snputc
    printf3.o(i.__0vsprintf$3) refers to printf3.o(i._printf_core) for _printf_core
    printf3.o(i.__0vsprintf$3) refers to printf3.o(i._sputc) for _sputc
    printf3.o(i._printf_core) refers to uidiv.o(.text) for __aeabi_uidivmod
    printf4.o(i.__0fprintf$4) refers to printf4.o(i._printf_core) for _printf_core
    printf4.o(i.__0fprintf$4) refers to usart.o(.text) for fputc
    printf4.o(i.__0printf$4) refers to printf4.o(i._printf_core) for _printf_core
    printf4.o(i.__0printf$4) refers to usart.o(.text) for fputc
    printf4.o(i.__0printf$4) refers to usart.o(.data) for __stdout
    printf4.o(i.__0snprintf$4) refers to printf4.o(i._printf_core) for _printf_core
    printf4.o(i.__0snprintf$4) refers to printf4.o(i._snputc) for _snputc
    printf4.o(i.__0sprintf$4) refers to printf4.o(i._printf_core) for _printf_core
    printf4.o(i.__0sprintf$4) refers to printf4.o(i._sputc) for _sputc
    printf4.o(i.__0vfprintf$4) refers to printf4.o(i._printf_core) for _printf_core
    printf4.o(i.__0vfprintf$4) refers to usart.o(.text) for fputc
    printf4.o(i.__0vprintf$4) refers to printf4.o(i._printf_core) for _printf_core
    printf4.o(i.__0vprintf$4) refers to usart.o(.text) for fputc
    printf4.o(i.__0vprintf$4) refers to usart.o(.data) for __stdout
    printf4.o(i.__0vsnprintf$4) refers to printf4.o(i._printf_core) for _printf_core
    printf4.o(i.__0vsnprintf$4) refers to printf4.o(i._snputc) for _snputc
    printf4.o(i.__0vsprintf$4) refers to printf4.o(i._printf_core) for _printf_core
    printf4.o(i.__0vsprintf$4) refers to printf4.o(i._sputc) for _sputc
    printf4.o(i._printf_core) refers to uldiv.o(.text) for __aeabi_uldivmod
    printf5.o(i.__0fprintf$5) refers to printf5.o(i._printf_core) for _printf_core
    printf5.o(i.__0fprintf$5) refers to usart.o(.text) for fputc
    printf5.o(i.__0printf$5) refers to printf5.o(i._printf_core) for _printf_core
    printf5.o(i.__0printf$5) refers to usart.o(.text) for fputc
    printf5.o(i.__0printf$5) refers to usart.o(.data) for __stdout
    printf5.o(i.__0snprintf$5) refers to printf5.o(i._printf_core) for _printf_core
    printf5.o(i.__0snprintf$5) refers to printf5.o(i._snputc) for _snputc
    printf5.o(i.__0sprintf$5) refers to printf5.o(i._printf_core) for _printf_core
    printf5.o(i.__0sprintf$5) refers to printf5.o(i._sputc) for _sputc
    printf5.o(i.__0vfprintf$5) refers to printf5.o(i._printf_core) for _printf_core
    printf5.o(i.__0vfprintf$5) refers to usart.o(.text) for fputc
    printf5.o(i.__0vprintf$5) refers to printf5.o(i._printf_core) for _printf_core
    printf5.o(i.__0vprintf$5) refers to usart.o(.text) for fputc
    printf5.o(i.__0vprintf$5) refers to usart.o(.data) for __stdout
    printf5.o(i.__0vsnprintf$5) refers to printf5.o(i._printf_core) for _printf_core
    printf5.o(i.__0vsnprintf$5) refers to printf5.o(i._snputc) for _snputc
    printf5.o(i.__0vsprintf$5) refers to printf5.o(i._printf_core) for _printf_core
    printf5.o(i.__0vsprintf$5) refers to printf5.o(i._sputc) for _sputc
    printf5.o(i._printf_core) refers to uldiv.o(.text) for __aeabi_uldivmod
    printf6.o(i.__0fprintf$6) refers to printf6.o(i._printf_core) for _printf_core
    printf6.o(i.__0fprintf$6) refers to usart.o(.text) for fputc
    printf6.o(i.__0printf$6) refers to printf6.o(i._printf_core) for _printf_core
    printf6.o(i.__0printf$6) refers to usart.o(.text) for fputc
    printf6.o(i.__0printf$6) refers to usart.o(.data) for __stdout
    printf6.o(i.__0snprintf$6) refers to printf6.o(i._printf_core) for _printf_core
    printf6.o(i.__0snprintf$6) refers to printf6.o(i._snputc) for _snputc
    printf6.o(i.__0sprintf$6) refers to printf6.o(i._printf_core) for _printf_core
    printf6.o(i.__0sprintf$6) refers to printf6.o(i._sputc) for _sputc
    printf6.o(i.__0vfprintf$6) refers to printf6.o(i._printf_core) for _printf_core
    printf6.o(i.__0vfprintf$6) refers to usart.o(.text) for fputc
    printf6.o(i.__0vprintf$6) refers to printf6.o(i._printf_core) for _printf_core
    printf6.o(i.__0vprintf$6) refers to usart.o(.text) for fputc
    printf6.o(i.__0vprintf$6) refers to usart.o(.data) for __stdout
    printf6.o(i.__0vsnprintf$6) refers to printf6.o(i._printf_core) for _printf_core
    printf6.o(i.__0vsnprintf$6) refers to printf6.o(i._snputc) for _snputc
    printf6.o(i.__0vsprintf$6) refers to printf6.o(i._printf_core) for _printf_core
    printf6.o(i.__0vsprintf$6) refers to printf6.o(i._sputc) for _sputc
    printf6.o(i._printf_core) refers to printf6.o(i._printf_pre_padding) for _printf_pre_padding
    printf6.o(i._printf_core) refers to uidiv.o(.text) for __aeabi_uidivmod
    printf6.o(i._printf_core) refers to printf6.o(i._printf_post_padding) for _printf_post_padding
    printf7.o(i.__0fprintf$7) refers to printf7.o(i._printf_core) for _printf_core
    printf7.o(i.__0fprintf$7) refers to usart.o(.text) for fputc
    printf7.o(i.__0printf$7) refers to printf7.o(i._printf_core) for _printf_core
    printf7.o(i.__0printf$7) refers to usart.o(.text) for fputc
    printf7.o(i.__0printf$7) refers to usart.o(.data) for __stdout
    printf7.o(i.__0snprintf$7) refers to printf7.o(i._printf_core) for _printf_core
    printf7.o(i.__0snprintf$7) refers to printf7.o(i._snputc) for _snputc
    printf7.o(i.__0sprintf$7) refers to printf7.o(i._printf_core) for _printf_core
    printf7.o(i.__0sprintf$7) refers to printf7.o(i._sputc) for _sputc
    printf7.o(i.__0vfprintf$7) refers to printf7.o(i._printf_core) for _printf_core
    printf7.o(i.__0vfprintf$7) refers to usart.o(.text) for fputc
    printf7.o(i.__0vprintf$7) refers to printf7.o(i._printf_core) for _printf_core
    printf7.o(i.__0vprintf$7) refers to usart.o(.text) for fputc
    printf7.o(i.__0vprintf$7) refers to usart.o(.data) for __stdout
    printf7.o(i.__0vsnprintf$7) refers to printf7.o(i._printf_core) for _printf_core
    printf7.o(i.__0vsnprintf$7) refers to printf7.o(i._snputc) for _snputc
    printf7.o(i.__0vsprintf$7) refers to printf7.o(i._printf_core) for _printf_core
    printf7.o(i.__0vsprintf$7) refers to printf7.o(i._sputc) for _sputc
    printf7.o(i._printf_core) refers to printf7.o(i._printf_pre_padding) for _printf_pre_padding
    printf7.o(i._printf_core) refers to uldiv.o(.text) for __aeabi_uldivmod
    printf7.o(i._printf_core) refers to printf7.o(i._printf_post_padding) for _printf_post_padding
    printf8.o(i.__0fprintf$8) refers to printf8.o(i._printf_core) for _printf_core
    printf8.o(i.__0fprintf$8) refers to usart.o(.text) for fputc
    printf8.o(i.__0printf$8) refers to printf8.o(i._printf_core) for _printf_core
    printf8.o(i.__0printf$8) refers to usart.o(.text) for fputc
    printf8.o(i.__0printf$8) refers to usart.o(.data) for __stdout
    printf8.o(i.__0snprintf$8) refers to printf8.o(i._printf_core) for _printf_core
    printf8.o(i.__0snprintf$8) refers to printf8.o(i._snputc) for _snputc
    printf8.o(i.__0sprintf$8) refers to printf8.o(i._printf_core) for _printf_core
    printf8.o(i.__0sprintf$8) refers to printf8.o(i._sputc) for _sputc
    printf8.o(i.__0vfprintf$8) refers to printf8.o(i._printf_core) for _printf_core
    printf8.o(i.__0vfprintf$8) refers to usart.o(.text) for fputc
    printf8.o(i.__0vprintf$8) refers to printf8.o(i._printf_core) for _printf_core
    printf8.o(i.__0vprintf$8) refers to usart.o(.text) for fputc
    printf8.o(i.__0vprintf$8) refers to usart.o(.data) for __stdout
    printf8.o(i.__0vsnprintf$8) refers to printf8.o(i._printf_core) for _printf_core
    printf8.o(i.__0vsnprintf$8) refers to printf8.o(i._snputc) for _snputc
    printf8.o(i.__0vsprintf$8) refers to printf8.o(i._printf_core) for _printf_core
    printf8.o(i.__0vsprintf$8) refers to printf8.o(i._sputc) for _sputc
    printf8.o(i._printf_core) refers to printf8.o(i._printf_pre_padding) for _printf_pre_padding
    printf8.o(i._printf_core) refers to uldiv.o(.text) for __aeabi_uldivmod
    printf8.o(i._printf_core) refers to printf8.o(i._printf_post_padding) for _printf_post_padding
    printfa.o(i.__0fprintf) refers (Special) to iusefp.o(.text) for __I$use$fp
    printfa.o(i.__0fprintf) refers to printfa.o(i._printf_core) for _printf_core
    printfa.o(i.__0fprintf) refers to usart.o(.text) for fputc
    printfa.o(i.__0printf) refers (Special) to iusefp.o(.text) for __I$use$fp
    printfa.o(i.__0printf) refers to printfa.o(i._printf_core) for _printf_core
    printfa.o(i.__0printf) refers to usart.o(.text) for fputc
    printfa.o(i.__0printf) refers to usart.o(.data) for __stdout
    printfa.o(i.__0snprintf) refers (Special) to iusefp.o(.text) for __I$use$fp
    printfa.o(i.__0snprintf) refers to printfa.o(i._printf_core) for _printf_core
    printfa.o(i.__0snprintf) refers to printfa.o(i._snputc) for _snputc
    printfa.o(i.__0sprintf) refers (Special) to iusefp.o(.text) for __I$use$fp
    printfa.o(i.__0sprintf) refers to printfa.o(i._printf_core) for _printf_core
    printfa.o(i.__0sprintf) refers to printfa.o(i._sputc) for _sputc
    printfa.o(i.__0vfprintf) refers (Special) to iusefp.o(.text) for __I$use$fp
    printfa.o(i.__0vfprintf) refers to printfa.o(i._printf_core) for _printf_core
    printfa.o(i.__0vfprintf) refers to usart.o(.text) for fputc
    printfa.o(i.__0vprintf) refers (Special) to iusefp.o(.text) for __I$use$fp
    printfa.o(i.__0vprintf) refers to printfa.o(i._printf_core) for _printf_core
    printfa.o(i.__0vprintf) refers to usart.o(.text) for fputc
    printfa.o(i.__0vprintf) refers to usart.o(.data) for __stdout
    printfa.o(i.__0vsnprintf) refers (Special) to iusefp.o(.text) for __I$use$fp
    printfa.o(i.__0vsnprintf) refers to printfa.o(i._printf_core) for _printf_core
    printfa.o(i.__0vsnprintf) refers to printfa.o(i._snputc) for _snputc
    printfa.o(i.__0vsprintf) refers (Special) to iusefp.o(.text) for __I$use$fp
    printfa.o(i.__0vsprintf) refers to printfa.o(i._printf_core) for _printf_core
    printfa.o(i.__0vsprintf) refers to printfa.o(i._sputc) for _sputc
    printfa.o(i._fp_digits) refers (Special) to iusefp.o(.text) for __I$use$fp
    printfa.o(i._fp_digits) refers to dmul.o(.text) for __aeabi_dmul
    printfa.o(i._fp_digits) refers to ddiv.o(.text) for __aeabi_ddiv
    printfa.o(i._fp_digits) refers to cdrcmple.o(.text) for __aeabi_cdrcmple
    printfa.o(i._fp_digits) refers to dadd.o(.text) for __aeabi_dadd
    printfa.o(i._fp_digits) refers to dfixul.o(.text) for __aeabi_d2ulz
    printfa.o(i._fp_digits) refers to uldiv.o(.text) for __aeabi_uldivmod
    printfa.o(i._printf_core) refers (Special) to iusefp.o(.text) for __I$use$fp
    printfa.o(i._printf_core) refers to printfa.o(i._printf_pre_padding) for _printf_pre_padding
    printfa.o(i._printf_core) refers to uldiv.o(.text) for __aeabi_uldivmod
    printfa.o(i._printf_core) refers to printfa.o(i._printf_post_padding) for _printf_post_padding
    printfa.o(i._printf_core) refers to printfa.o(i._fp_digits) for _fp_digits
    printfa.o(i._printf_core) refers to uidiv.o(.text) for __aeabi_uidivmod
    printfa.o(i._printf_post_padding) refers (Special) to iusefp.o(.text) for __I$use$fp
    printfa.o(i._printf_pre_padding) refers (Special) to iusefp.o(.text) for __I$use$fp
    printfa.o(i._snputc) refers (Special) to iusefp.o(.text) for __I$use$fp
    printfa.o(i._sputc) refers (Special) to iusefp.o(.text) for __I$use$fp
    fadd.o(.text) refers (Special) to iusefp.o(.text) for __I$use$fp
    fadd.o(.text) refers to fepilogue.o(.text) for _float_epilogue
    fmul.o(.text) refers (Special) to iusefp.o(.text) for __I$use$fp
    fdiv.o(.text) refers (Special) to iusefp.o(.text) for __I$use$fp
    fdiv.o(.text) refers to fepilogue.o(.text) for _float_round
    dadd.o(.text) refers (Special) to iusefp.o(.text) for __I$use$fp
    dadd.o(.text) refers to llshl.o(.text) for __aeabi_llsl
    dadd.o(.text) refers to llsshr.o(.text) for __aeabi_lasr
    dadd.o(.text) refers to depilogue.o(.text) for _double_epilogue
    dmul.o(.text) refers (Special) to iusefp.o(.text) for __I$use$fp
    dmul.o(.text) refers to depilogue.o(.text) for _double_epilogue
    ddiv.o(.text) refers (Special) to iusefp.o(.text) for __I$use$fp
    ddiv.o(.text) refers to depilogue.o(.text) for _double_round
    ffltui.o(.text) refers (Special) to iusefp.o(.text) for __I$use$fp
    ffltui.o(.text) refers to fepilogue.o(.text) for _float_epilogue
    dflti.o(.text) refers (Special) to iusefp.o(.text) for __I$use$fp
    dflti.o(.text) refers to depilogue.o(.text) for _double_epilogue
    ffixui.o(.text) refers (Special) to iusefp.o(.text) for __I$use$fp
    f2d.o(.text) refers (Special) to iusefp.o(.text) for __I$use$fp
    cdrcmple.o(.text) refers (Special) to iusefp.o(.text) for __I$use$fp
    d2f.o(.text) refers (Special) to iusefp.o(.text) for __I$use$fp
    d2f.o(.text) refers to fepilogue.o(.text) for _float_round
    entry2.o(.ARM.Collect$$$$00000001) refers to entry2.o(.ARM.Collect$$$$00002712) for __lit__00000000
    entry2.o(.ARM.Collect$$$$00002712) refers to stm32f10x.o(STACK) for __initial_sp
    entry2.o(__vectab_stack_and_reset_area) refers to stm32f10x.o(STACK) for __initial_sp
    entry2.o(__vectab_stack_and_reset_area) refers to entry.o(.ARM.Collect$$$$00000000) for __main
    entry5.o(.ARM.Collect$$$$00000004) refers to init.o(.text) for __scatterload
    entry9a.o(.ARM.Collect$$$$0000000B) refers to test.o(.text) for main
    entry9b.o(.ARM.Collect$$$$0000000C) refers to test.o(.text) for main
    uldiv.o(.text) refers to llushr.o(.text) for __aeabi_llsr
    uldiv.o(.text) refers to llshl.o(.text) for __aeabi_llsl
    errno.o(i.__aeabi_errno_addr) refers to errno.o(.data) for .data
    errno.o(i.__read_errno) refers to errno.o(.data) for .data
    errno.o(i.__set_errno) refers to errno.o(.data) for .data
    depilogue.o(.text) refers to llshl.o(.text) for __aeabi_llsl
    depilogue.o(.text) refers to llushr.o(.text) for __aeabi_llsr
    dsqrt.o(.text) refers to llushr.o(.text) for __aeabi_llsr
    dsqrt.o(.text) refers to depilogue.o(.text) for _double_round
    dfixul.o(.text) refers to llushr.o(.text) for __aeabi_llsr
    dfixul.o(.text) refers to llshl.o(.text) for __aeabi_llsl
    init.o(.text) refers to entry5.o(.ARM.Collect$$$$00000004) for __main_after_scatterload


==============================================================================

Removing Unused input sections from the image.

    Removing stm32f10x.o(HEAP), (0 bytes).
    Removing cdcmple.o(.text), (40 bytes).

2 unused section(s) (total 40 bytes) removed from the image.

==============================================================================

Image Symbol Table

    Local Symbols

    Symbol Name                              Value     Ov Type        Size  Object(Section)

    ../clib/microlib/division.c              0x00000000   Number         0  uldiv.o ABSOLUTE
    ../clib/microlib/division.c              0x00000000   Number         0  uidiv.o ABSOLUTE
    ../clib/microlib/errno.c                 0x00000000   Number         0  errno.o ABSOLUTE
    ../clib/microlib/init/entry.s            0x00000000   Number         0  entry9a.o ABSOLUTE
    ../clib/microlib/init/entry.s            0x00000000   Number         0  entry10a.o ABSOLUTE
    ../clib/microlib/init/entry.s            0x00000000   Number         0  entry10b.o ABSOLUTE
    ../clib/microlib/init/entry.s            0x00000000   Number         0  entry11a.o ABSOLUTE
    ../clib/microlib/init/entry.s            0x00000000   Number         0  entry11b.o ABSOLUTE
    ../clib/microlib/init/entry.s            0x00000000   Number         0  entry9b.o ABSOLUTE
    ../clib/microlib/init/entry.s            0x00000000   Number         0  entry2.o ABSOLUTE
    ../clib/microlib/init/entry.s            0x00000000   Number         0  entry5.o ABSOLUTE
    ../clib/microlib/init/entry.s            0x00000000   Number         0  entry7a.o ABSOLUTE
    ../clib/microlib/init/entry.s            0x00000000   Number         0  entry7b.o ABSOLUTE
    ../clib/microlib/init/entry.s            0x00000000   Number         0  entry8a.o ABSOLUTE
    ../clib/microlib/init/entry.s            0x00000000   Number         0  entry8b.o ABSOLUTE
    ../clib/microlib/init/entry.s            0x00000000   Number         0  entry.o ABSOLUTE
    ../clib/microlib/longlong.c              0x00000000   Number         0  llsshr.o ABSOLUTE
    ../clib/microlib/longlong.c              0x00000000   Number         0  llshl.o ABSOLUTE
    ../clib/microlib/longlong.c              0x00000000   Number         0  llushr.o ABSOLUTE
    ../clib/microlib/printf/printf.c         0x00000000   Number         0  printfb.o ABSOLUTE
    ../clib/microlib/printf/printf.c         0x00000000   Number         0  printf0.o ABSOLUTE
    ../clib/microlib/printf/printf.c         0x00000000   Number         0  printf1.o ABSOLUTE
    ../clib/microlib/printf/printf.c         0x00000000   Number         0  printf2.o ABSOLUTE
    ../clib/microlib/printf/printf.c         0x00000000   Number         0  printf3.o ABSOLUTE
    ../clib/microlib/printf/printf.c         0x00000000   Number         0  printf4.o ABSOLUTE
    ../clib/microlib/printf/printf.c         0x00000000   Number         0  printf5.o ABSOLUTE
    ../clib/microlib/printf/printf.c         0x00000000   Number         0  printf6.o ABSOLUTE
    ../clib/microlib/printf/printf.c         0x00000000   Number         0  printf8.o ABSOLUTE
    ../clib/microlib/printf/printf.c         0x00000000   Number         0  printfa.o ABSOLUTE
    ../clib/microlib/printf/printf.c         0x00000000   Number         0  printf7.o ABSOLUTE
    ../clib/microlib/printf/stubs.s          0x00000000   Number         0  stubs.o ABSOLUTE
    ../clib/microlib/stubs.s                 0x00000000   Number         0  useno.o ABSOLUTE
    ../clib/microlib/stubs.s                 0x00000000   Number         0  iusefp.o ABSOLUTE
    ../fplib/microlib/d2f.c                  0x00000000   Number         0  d2f.o ABSOLUTE
    ../fplib/microlib/f2d.c                  0x00000000   Number         0  f2d.o ABSOLUTE
    ../fplib/microlib/fpadd.c                0x00000000   Number         0  fadd.o ABSOLUTE
    ../fplib/microlib/fpadd.c                0x00000000   Number         0  dadd.o ABSOLUTE
    ../fplib/microlib/fpdiv.c                0x00000000   Number         0  ddiv.o ABSOLUTE
    ../fplib/microlib/fpdiv.c                0x00000000   Number         0  fdiv.o ABSOLUTE
    ../fplib/microlib/fpepilogue.c           0x00000000   Number         0  fepilogue.o ABSOLUTE
    ../fplib/microlib/fpepilogue.c           0x00000000   Number         0  depilogue.o ABSOLUTE
    ../fplib/microlib/fpfix.c                0x00000000   Number         0  ffixui.o ABSOLUTE
    ../fplib/microlib/fpfix.c                0x00000000   Number         0  dfixul.o ABSOLUTE
    ../fplib/microlib/fpflt.c                0x00000000   Number         0  dflti.o ABSOLUTE
    ../fplib/microlib/fpflt.c                0x00000000   Number         0  ffltui.o ABSOLUTE
    ../fplib/microlib/fpmul.c                0x00000000   Number         0  dmul.o ABSOLUTE
    ../fplib/microlib/fpmul.c                0x00000000   Number         0  fmul.o ABSOLUTE
    ../fplib/microlib/fpsqrt.c               0x00000000   Number         0  dsqrt.o ABSOLUTE
    ../mathlib/sqrt.c                        0x00000000   Number         0  sqrt.o ABSOLUTE
    ../mathlib/sqrt.c                        0x00000000   Number         0  sqrt_x.o ABSOLUTE
    ..\HARDWARE\FALL\fall.c                  0x00000000   Number         0  fall.o ABSOLUTE
    ..\HARDWARE\KEY\key.c                    0x00000000   Number         0  key.o ABSOLUTE
    ..\HARDWARE\LED\led.c                    0x00000000   Number         0  led.o ABSOLUTE
    ..\HARDWARE\READ\read.c                  0x00000000   Number         0  read.o ABSOLUTE
    ..\HARDWARE\TIMER\timer.c                0x00000000   Number         0  timer.o ABSOLUTE
    ..\SYSTEM\delay\delay.c                  0x00000000   Number         0  delay.o ABSOLUTE
    ..\SYSTEM\sys\sys.c                      0x00000000   Number         0  sys.o ABSOLUTE
    ..\SYSTEM\usart\usart.c                  0x00000000   Number         0  usart.o ABSOLUTE
    ..\\SYSTEM\\sys\\sys.c                   0x00000000   Number         0  sys.o ABSOLUTE
    STM32F10x.s                              0x00000000   Number         0  stm32f10x.o ABSOLUTE
    cdcmple.s                                0x00000000   Number         0  cdcmple.o ABSOLUTE
    cdrcmple.s                               0x00000000   Number         0  cdrcmple.o ABSOLUTE
    dc.s                                     0x00000000   Number         0  dc.o ABSOLUTE
    handlers.s                               0x00000000   Number         0  handlers.o ABSOLUTE
    init.s                                   0x00000000   Number         0  init.o ABSOLUTE
    test.c                                   0x00000000   Number         0  test.o ABSOLUTE
    RESET                                    0x08000000   Section      236  stm32f10x.o(RESET)
    .ARM.Collect$$$$00000000                 0x080000ec   Section        0  entry.o(.ARM.Collect$$$$00000000)
    .ARM.Collect$$$$00000001                 0x080000ec   Section        4  entry2.o(.ARM.Collect$$$$00000001)
    .ARM.Collect$$$$00000004                 0x080000f0   Section        4  entry5.o(.ARM.Collect$$$$00000004)
    .ARM.Collect$$$$00000008                 0x080000f4   Section        0  entry7b.o(.ARM.Collect$$$$00000008)
    .ARM.Collect$$$$0000000A                 0x080000f4   Section        0  entry8b.o(.ARM.Collect$$$$0000000A)
    .ARM.Collect$$$$0000000B                 0x080000f4   Section        8  entry9a.o(.ARM.Collect$$$$0000000B)
    .ARM.Collect$$$$0000000D                 0x080000fc   Section        0  entry10a.o(.ARM.Collect$$$$0000000D)
    .ARM.Collect$$$$0000000F                 0x080000fc   Section        0  entry11a.o(.ARM.Collect$$$$0000000F)
    .ARM.Collect$$$$00002712                 0x080000fc   Section        4  entry2.o(.ARM.Collect$$$$00002712)
    __lit__00000000                          0x080000fc   Data           4  entry2.o(.ARM.Collect$$$$00002712)
    .emb_text                                0x08000100   Section        2  sys.o(.emb_text)
    .text                                    0x08000104   Section       28  stm32f10x.o(.text)
    .text                                    0x08000120   Section        0  test.o(.text)
    .text                                    0x08000180   Section        0  delay.o(.text)
    .text                                    0x08000230   Section        0  sys.o(.text)
    .text                                    0x0800050c   Section        0  usart.o(.text)
    .text                                    0x08000918   Section        0  led.o(.text)
    .text                                    0x0800099c   Section        0  key.o(.text)
    .text                                    0x08000aa0   Section        0  read.o(.text)
    .text                                    0x08000db4   Section        0  fall.o(.text)
    .text                                    0x08000f84   Section        0  timer.o(.text)
    .text                                    0x0800101c   Section        0  fadd.o(.text)
    .text                                    0x080010cc   Section        0  fmul.o(.text)
    .text                                    0x08001130   Section        0  fdiv.o(.text)
    .text                                    0x080011ac   Section        0  dadd.o(.text)
    .text                                    0x080012fa   Section        0  dmul.o(.text)
    .text                                    0x080013de   Section        0  ddiv.o(.text)
    .text                                    0x080014bc   Section        0  ffltui.o(.text)
    .text                                    0x080014c6   Section        0  dflti.o(.text)
    .text                                    0x080014e8   Section        0  ffixui.o(.text)
    .text                                    0x08001510   Section        0  f2d.o(.text)
    .text                                    0x08001538   Section       40  cdrcmple.o(.text)
    .text                                    0x08001560   Section        0  d2f.o(.text)
    .text                                    0x08001598   Section        0  uidiv.o(.text)
    .text                                    0x080015c4   Section        0  uldiv.o(.text)
    .text                                    0x08001626   Section        0  llshl.o(.text)
    .text                                    0x08001644   Section        0  llsshr.o(.text)
    .text                                    0x08001668   Section        0  fepilogue.o(.text)
    .text                                    0x08001668   Section        0  iusefp.o(.text)
    .text                                    0x080016d6   Section        0  depilogue.o(.text)
    .text                                    0x0800178c   Section        0  dsqrt.o(.text)
    .text                                    0x0800182e   Section        0  dfixul.o(.text)
    .text                                    0x08001860   Section       36  init.o(.text)
    .text                                    0x08001884   Section        0  llushr.o(.text)
    i.__0printf                              0x080018a4   Section        0  printfa.o(i.__0printf)
    i.__scatterload_copy                     0x080018c4   Section       14  handlers.o(i.__scatterload_copy)
    i.__scatterload_null                     0x080018d2   Section        2  handlers.o(i.__scatterload_null)
    i.__scatterload_zeroinit                 0x080018d4   Section       14  handlers.o(i.__scatterload_zeroinit)
    i.__set_errno                            0x080018e4   Section        0  errno.o(i.__set_errno)
    i._fp_digits                             0x080018f0   Section        0  printfa.o(i._fp_digits)
    _fp_digits                               0x080018f1   Thumb Code   334  printfa.o(i._fp_digits)
    i._printf_core                           0x08001a54   Section        0  printfa.o(i._printf_core)
    _printf_core                             0x08001a55   Thumb Code  1744  printfa.o(i._printf_core)
    i._printf_post_padding                   0x08002130   Section        0  printfa.o(i._printf_post_padding)
    _printf_post_padding                     0x08002131   Thumb Code    36  printfa.o(i._printf_post_padding)
    i._printf_pre_padding                    0x08002154   Section        0  printfa.o(i._printf_pre_padding)
    _printf_pre_padding                      0x08002155   Thumb Code    46  printfa.o(i._printf_pre_padding)
    i.sqrt                                   0x08002182   Section        0  sqrt.o(i.sqrt)
    .data                                    0x20000000   Section        4  delay.o(.data)
    fac_us                                   0x20000000   Data           1  delay.o(.data)
    fac_ms                                   0x20000002   Data           2  delay.o(.data)
    .data                                    0x20000004   Section        7  usart.o(.data)
    .data                                    0x2000000b   Section        1  key.o(.data)
    key_up                                   0x2000000b   Data           1  key.o(.data)
    .data                                    0x2000000c   Section        8  read.o(.data)
    .data                                    0x20000014   Section        1  fall.o(.data)
    .data                                    0x20000018   Section        4  timer.o(.data)
    .data                                    0x2000001c   Section        4  errno.o(.data)
    _errno                                   0x2000001c   Data           4  errno.o(.data)
    .bss                                     0x20000020   Section       75  usart.o(.bss)
    .bss                                     0x20000070   Section       48  read.o(.bss)
    acc                                      0x20000070   Data          24  read.o(.bss)
    angle                                    0x20000088   Data          24  read.o(.bss)
    STACK                                    0x200000a0   Section      512  stm32f10x.o(STACK)

    Global Symbols

    Symbol Name                              Value     Ov Type        Size  Object(Section)

    BuildAttributes$$THM_ISAv4$P$D$K$B$S$PE$A:L22UL41UL21$X:L11$S22US41US21$IEEE1$IW$USESV6$~STKCKD$USESV7$~SHL$OTIME$ROPI$IEEEJ$EBA8$MICROLIB$REQ8$PRES8$EABIv2 0x00000000   Number         0  anon$$obj.o ABSOLUTE
    __ARM_use_no_argv                        0x00000000   Number         0  test.o ABSOLUTE
    __use_no_errno                           0x00000000   Number         0  useno.o ABSOLUTE
    __use_no_exception_handling              0x00000000   Number         0  useno.o ABSOLUTE
    __use_no_fp                              0x00000000   Number         0  useno.o ABSOLUTE
    __use_no_heap                            0x00000000   Number         0  useno.o ABSOLUTE
    __use_no_heap_region                     0x00000000   Number         0  useno.o ABSOLUTE
    __use_no_semihosting                     0x00000000   Number         0  useno.o ABSOLUTE
    __use_no_semihosting_swi                 0x00000000   Number         0  useno.o ABSOLUTE
    __use_no_signal_handling                 0x00000000   Number         0  useno.o ABSOLUTE
    _printf_a                                0x00000000   Number         0  stubs.o ABSOLUTE
    _printf_c                                0x00000000   Number         0  stubs.o ABSOLUTE
    _printf_charcount                        0x00000000   Number         0  stubs.o ABSOLUTE
    _printf_d                                0x00000000   Number         0  stubs.o ABSOLUTE
    _printf_e                                0x00000000   Number         0  stubs.o ABSOLUTE
    _printf_f                                0x00000000   Number         0  stubs.o ABSOLUTE
    _printf_flags                            0x00000000   Number         0  stubs.o ABSOLUTE
    _printf_fp_dec                           0x00000000   Number         0  stubs.o ABSOLUTE
    _printf_fp_hex                           0x00000000   Number         0  stubs.o ABSOLUTE
    _printf_g                                0x00000000   Number         0  stubs.o ABSOLUTE
    _printf_i                                0x00000000   Number         0  stubs.o ABSOLUTE
    _printf_int_dec                          0x00000000   Number         0  stubs.o ABSOLUTE
    _printf_l                                0x00000000   Number         0  stubs.o ABSOLUTE
    _printf_lc                               0x00000000   Number         0  stubs.o ABSOLUTE
    _printf_ll                               0x00000000   Number         0  stubs.o ABSOLUTE
    _printf_lld                              0x00000000   Number         0  stubs.o ABSOLUTE
    _printf_lli                              0x00000000   Number         0  stubs.o ABSOLUTE
    _printf_llo                              0x00000000   Number         0  stubs.o ABSOLUTE
    _printf_llu                              0x00000000   Number         0  stubs.o ABSOLUTE
    _printf_llx                              0x00000000   Number         0  stubs.o ABSOLUTE
    _printf_longlong_dec                     0x00000000   Number         0  stubs.o ABSOLUTE
    _printf_longlong_hex                     0x00000000   Number         0  stubs.o ABSOLUTE
    _printf_longlong_oct                     0x00000000   Number         0  stubs.o ABSOLUTE
    _printf_ls                               0x00000000   Number         0  stubs.o ABSOLUTE
    _printf_mbtowc                           0x00000000   Number         0  stubs.o ABSOLUTE
    _printf_n                                0x00000000   Number         0  stubs.o ABSOLUTE
    _printf_o                                0x00000000   Number         0  stubs.o ABSOLUTE
    _printf_p                                0x00000000   Number         0  stubs.o ABSOLUTE
    _printf_percent                          0x00000000   Number         0  stubs.o ABSOLUTE
    _printf_pre_padding                      0x00000000   Number         0  stubs.o ABSOLUTE
    _printf_return_value                     0x00000000   Number         0  stubs.o ABSOLUTE
    _printf_s                                0x00000000   Number         0  stubs.o ABSOLUTE
    _printf_sizespec                         0x00000000   Number         0  stubs.o ABSOLUTE
    _printf_str                              0x00000000   Number         0  stubs.o ABSOLUTE
    _printf_truncate_signed                  0x00000000   Number         0  stubs.o ABSOLUTE
    _printf_truncate_unsigned                0x00000000   Number         0  stubs.o ABSOLUTE
    _printf_u                                0x00000000   Number         0  stubs.o ABSOLUTE
    _printf_wc                               0x00000000   Number         0  stubs.o ABSOLUTE
    _printf_wctomb                           0x00000000   Number         0  stubs.o ABSOLUTE
    _printf_widthprec                        0x00000000   Number         0  stubs.o ABSOLUTE
    _printf_x                                0x00000000   Number         0  stubs.o ABSOLUTE
    __cpp_initialize__aeabi_                  - Undefined Weak Reference
    __cxa_finalize                            - Undefined Weak Reference
    __decompress                              - Undefined Weak Reference
    _clock_init                               - Undefined Weak Reference
    _microlib_exit                            - Undefined Weak Reference
    __Vectors                                0x08000000   Data           4  stm32f10x.o(RESET)
    __main                                   0x080000ed   Thumb Code     0  entry.o(.ARM.Collect$$$$00000000)
    _main_stk                                0x080000ed   Thumb Code     0  entry2.o(.ARM.Collect$$$$00000001)
    _main_scatterload                        0x080000f1   Thumb Code     0  entry5.o(.ARM.Collect$$$$00000004)
    __main_after_scatterload                 0x080000f5   Thumb Code     0  entry5.o(.ARM.Collect$$$$00000004)
    _main_clock                              0x080000f5   Thumb Code     0  entry7b.o(.ARM.Collect$$$$00000008)
    _main_cpp_init                           0x080000f5   Thumb Code     0  entry8b.o(.ARM.Collect$$$$0000000A)
    _main_init                               0x080000f5   Thumb Code     0  entry9a.o(.ARM.Collect$$$$0000000B)
    __rt_final_cpp                           0x080000fd   Thumb Code     0  entry10a.o(.ARM.Collect$$$$0000000D)
    __rt_final_exit                          0x080000fd   Thumb Code     0  entry11a.o(.ARM.Collect$$$$0000000F)
    WFI_SET                                  0x08000101   Thumb Code     2  sys.o(.emb_text)
    Reset_Handler                            0x08000105   Thumb Code     4  stm32f10x.o(.text)
    NMI_Handler                              0x08000109   Thumb Code     2  stm32f10x.o(.text)
    HardFault_Handler                        0x0800010b   Thumb Code     2  stm32f10x.o(.text)
    MemManage_Handler                        0x0800010d   Thumb Code     2  stm32f10x.o(.text)
    BusFault_Handler                         0x0800010f   Thumb Code     2  stm32f10x.o(.text)
    UsageFault_Handler                       0x08000111   Thumb Code     2  stm32f10x.o(.text)
    SVC_Handler                              0x08000113   Thumb Code     2  stm32f10x.o(.text)
    DebugMon_Handler                         0x08000115   Thumb Code     2  stm32f10x.o(.text)
    PendSV_Handler                           0x08000117   Thumb Code     2  stm32f10x.o(.text)
    SysTick_Handler                          0x08000119   Thumb Code     2  stm32f10x.o(.text)
    ADC_IRQHandler                           0x0800011b   Thumb Code     0  stm32f10x.o(.text)
    CAN_RX1_IRQHandler                       0x0800011b   Thumb Code     0  stm32f10x.o(.text)
    CAN_SCE_IRQHandler                       0x0800011b   Thumb Code     0  stm32f10x.o(.text)
    DMAChannel1_IRQHandler                   0x0800011b   Thumb Code     0  stm32f10x.o(.text)
    DMAChannel2_IRQHandler                   0x0800011b   Thumb Code     0  stm32f10x.o(.text)
    DMAChannel3_IRQHandler                   0x0800011b   Thumb Code     0  stm32f10x.o(.text)
    DMAChannel4_IRQHandler                   0x0800011b   Thumb Code     0  stm32f10x.o(.text)
    DMAChannel5_IRQHandler                   0x0800011b   Thumb Code     0  stm32f10x.o(.text)
    DMAChannel6_IRQHandler                   0x0800011b   Thumb Code     0  stm32f10x.o(.text)
    DMAChannel7_IRQHandler                   0x0800011b   Thumb Code     0  stm32f10x.o(.text)
    EXTI0_IRQHandler                         0x0800011b   Thumb Code     0  stm32f10x.o(.text)
    EXTI15_10_IRQHandler                     0x0800011b   Thumb Code     0  stm32f10x.o(.text)
    EXTI1_IRQHandler                         0x0800011b   Thumb Code     0  stm32f10x.o(.text)
    EXTI2_IRQHandler                         0x0800011b   Thumb Code     0  stm32f10x.o(.text)
    EXTI3_IRQHandler                         0x0800011b   Thumb Code     0  stm32f10x.o(.text)
    EXTI4_IRQHandler                         0x0800011b   Thumb Code     0  stm32f10x.o(.text)
    EXTI9_5_IRQHandler                       0x0800011b   Thumb Code     0  stm32f10x.o(.text)
    FLASH_IRQHandler                         0x0800011b   Thumb Code     0  stm32f10x.o(.text)
    I2C1_ER_IRQHandler                       0x0800011b   Thumb Code     0  stm32f10x.o(.text)
    I2C1_EV_IRQHandler                       0x0800011b   Thumb Code     0  stm32f10x.o(.text)
    I2C2_ER_IRQHandler                       0x0800011b   Thumb Code     0  stm32f10x.o(.text)
    I2C2_EV_IRQHandler                       0x0800011b   Thumb Code     0  stm32f10x.o(.text)
    PVD_IRQHandler                           0x0800011b   Thumb Code     0  stm32f10x.o(.text)
    RCC_IRQHandler                           0x0800011b   Thumb Code     0  stm32f10x.o(.text)
    RTCAlarm_IRQHandler                      0x0800011b   Thumb Code     0  stm32f10x.o(.text)
    RTC_IRQHandler                           0x0800011b   Thumb Code     0  stm32f10x.o(.text)
    SPI1_IRQHandler                          0x0800011b   Thumb Code     0  stm32f10x.o(.text)
    SPI2_IRQHandler                          0x0800011b   Thumb Code     0  stm32f10x.o(.text)
    TAMPER_IRQHandler                        0x0800011b   Thumb Code     0  stm32f10x.o(.text)
    TIM1_BRK_IRQHandler                      0x0800011b   Thumb Code     0  stm32f10x.o(.text)
    TIM1_CC_IRQHandler                       0x0800011b   Thumb Code     0  stm32f10x.o(.text)
    TIM1_TRG_COM_IRQHandler                  0x0800011b   Thumb Code     0  stm32f10x.o(.text)
    TIM1_UP_IRQHandler                       0x0800011b   Thumb Code     0  stm32f10x.o(.text)
    TIM2_IRQHandler                          0x0800011b   Thumb Code     0  stm32f10x.o(.text)
    TIM3_IRQHandler                          0x0800011b   Thumb Code     0  stm32f10x.o(.text)
    USART3_IRQHandler                        0x0800011b   Thumb Code     0  stm32f10x.o(.text)
    USBWakeUp_IRQHandler                     0x0800011b   Thumb Code     0  stm32f10x.o(.text)
    USB_HP_CAN_TX_IRQHandler                 0x0800011b   Thumb Code     0  stm32f10x.o(.text)
    USB_LP_CAN_RX0_IRQHandler                0x0800011b   Thumb Code     0  stm32f10x.o(.text)
    WWDG_IRQHandler                          0x0800011b   Thumb Code     0  stm32f10x.o(.text)
    System_init                              0x08000121   Thumb Code    66  test.o(.text)
    main                                     0x08000163   Thumb Code    20  test.o(.text)
    delay_init                               0x08000181   Thumb Code    56  delay.o(.text)
    delay_ms                                 0x080001b9   Thumb Code    56  delay.o(.text)
    delay_us                                 0x080001f1   Thumb Code    56  delay.o(.text)
    MY_NVIC_SetVectorTable                   0x08000231   Thumb Code    12  sys.o(.text)
    MY_NVIC_PriorityGroupConfig              0x0800023d   Thumb Code    36  sys.o(.text)
    MY_NVIC_Init                             0x08000261   Thumb Code   144  sys.o(.text)
    Ex_NVIC_Config                           0x080002f1   Thumb Code   146  sys.o(.text)
    MYRCC_DeInit                             0x08000383   Thumb Code    90  sys.o(.text)
    Sys_Standby                              0x080003dd   Thumb Code    68  sys.o(.text)
    Sys_Soft_Reset                           0x08000421   Thumb Code    12  sys.o(.text)
    JTAG_Set                                 0x0800042d   Thumb Code    42  sys.o(.text)
    Stm32_Clock_Init                         0x08000457   Thumb Code   134  sys.o(.text)
    _sys_exit                                0x0800050d   Thumb Code     6  usart.o(.text)
    fputc                                    0x08000513   Thumb Code    24  usart.o(.text)
    USART1_IRQHandler                        0x0800052b   Thumb Code   118  usart.o(.text)
    uart_init                                0x080005a1   Thumb Code   214  usart.o(.text)
    usart2_init                              0x08000677   Thumb Code   226  usart.o(.text)
    USART2_IRQHandler                        0x08000759   Thumb Code    80  usart.o(.text)
    usart3_init                              0x080007a9   Thumb Code   222  usart.o(.text)
    USART3_Translate                         0x08000887   Thumb Code    98  usart.o(.text)
    LED_Init                                 0x08000919   Thumb Code   116  led.o(.text)
    KEY_Init                                 0x0800099d   Thumb Code    90  key.o(.text)
    KEY_Scan                                 0x080009f7   Thumb Code   144  key.o(.text)
    read_mpu_acc                             0x08000aa1   Thumb Code   396  read.o(.text)
    read_mpu_angle                           0x08000c2d   Thumb Code   306  read.o(.text)
    fall_test                                0x08000db5   Thumb Code   388  fall.o(.text)
    Timer4_Init                              0x08000f85   Thumb Code    66  timer.o(.text)
    TIM4_IRQHandler                          0x08000fc7   Thumb Code    60  timer.o(.text)
    __aeabi_fadd                             0x0800101d   Thumb Code   164  fadd.o(.text)
    __aeabi_fsub                             0x080010c1   Thumb Code     6  fadd.o(.text)
    __aeabi_frsub                            0x080010c7   Thumb Code     6  fadd.o(.text)
    __aeabi_fmul                             0x080010cd   Thumb Code   100  fmul.o(.text)
    __aeabi_fdiv                             0x08001131   Thumb Code   124  fdiv.o(.text)
    __aeabi_dadd                             0x080011ad   Thumb Code   322  dadd.o(.text)
    __aeabi_dsub                             0x080012ef   Thumb Code     6  dadd.o(.text)
    __aeabi_drsub                            0x080012f5   Thumb Code     6  dadd.o(.text)
    __aeabi_dmul                             0x080012fb   Thumb Code   228  dmul.o(.text)
    __aeabi_ddiv                             0x080013df   Thumb Code   222  ddiv.o(.text)
    __aeabi_ui2f                             0x080014bd   Thumb Code    10  ffltui.o(.text)
    __aeabi_i2d                              0x080014c7   Thumb Code    34  dflti.o(.text)
    __aeabi_f2uiz                            0x080014e9   Thumb Code    40  ffixui.o(.text)
    __aeabi_f2d                              0x08001511   Thumb Code    38  f2d.o(.text)
    __aeabi_cdrcmple                         0x08001539   Thumb Code    38  cdrcmple.o(.text)
    __aeabi_d2f                              0x08001561   Thumb Code    56  d2f.o(.text)
    __aeabi_uidiv                            0x08001599   Thumb Code     0  uidiv.o(.text)
    __aeabi_uidivmod                         0x08001599   Thumb Code    44  uidiv.o(.text)
    __aeabi_uldivmod                         0x080015c5   Thumb Code    98  uldiv.o(.text)
    __aeabi_llsl                             0x08001627   Thumb Code    30  llshl.o(.text)
    _ll_shift_l                              0x08001627   Thumb Code     0  llshl.o(.text)
    __aeabi_lasr                             0x08001645   Thumb Code    36  llsshr.o(.text)
    _ll_sshift_r                             0x08001645   Thumb Code     0  llsshr.o(.text)
    __I$use$fp                               0x08001669   Thumb Code     0  iusefp.o(.text)
    _float_round                             0x08001669   Thumb Code    18  fepilogue.o(.text)
    _float_epilogue                          0x0800167b   Thumb Code    92  fepilogue.o(.text)
    _double_round                            0x080016d7   Thumb Code    26  depilogue.o(.text)
    _double_epilogue                         0x080016f1   Thumb Code   156  depilogue.o(.text)
    _dsqrt                                   0x0800178d   Thumb Code   162  dsqrt.o(.text)
    __aeabi_d2ulz                            0x0800182f   Thumb Code    48  dfixul.o(.text)
    __scatterload                            0x08001861   Thumb Code    28  init.o(.text)
    __scatterload_rt2                        0x08001861   Thumb Code     0  init.o(.text)
    __aeabi_llsr                             0x08001885   Thumb Code    32  llushr.o(.text)
    _ll_ushift_r                             0x08001885   Thumb Code     0  llushr.o(.text)
    __0printf                                0x080018a5   Thumb Code    22  printfa.o(i.__0printf)
    __1printf                                0x080018a5   Thumb Code     0  printfa.o(i.__0printf)
    __2printf                                0x080018a5   Thumb Code     0  printfa.o(i.__0printf)
    __c89printf                              0x080018a5   Thumb Code     0  printfa.o(i.__0printf)
    printf                                   0x080018a5   Thumb Code     0  printfa.o(i.__0printf)
    __scatterload_copy                       0x080018c5   Thumb Code    14  handlers.o(i.__scatterload_copy)
    __scatterload_null                       0x080018d3   Thumb Code     2  handlers.o(i.__scatterload_null)
    __scatterload_zeroinit                   0x080018d5   Thumb Code    14  handlers.o(i.__scatterload_zeroinit)
    __set_errno                              0x080018e5   Thumb Code     6  errno.o(i.__set_errno)
    sqrt                                     0x08002183   Thumb Code    76  sqrt.o(i.sqrt)
    Region$$Table$$Base                      0x080021d0   Number         0  anon$$obj.o(Region$$Table)
    Region$$Table$$Limit                     0x080021f0   Number         0  anon$$obj.o(Region$$Table)
    __stdout                                 0x20000004   Data           4  usart.o(.data)
    USART_RX_STA                             0x20000008   Data           1  usart.o(.data)
    sign                                     0x20000009   Data           1  usart.o(.data)
    count                                    0x2000000a   Data           1  usart.o(.data)
    SVM                                      0x2000000c   Data           4  read.o(.data)
    ANGLE                                    0x20000010   Data           4  read.o(.data)
    fall_flag                                0x20000014   Data           1  fall.o(.data)
    time                                     0x20000018   Data           4  timer.o(.data)
    USART_RX_BUF                             0x20000020   Data          64  usart.o(.bss)
    USART2_RX_BUF                            0x20000060   Data          11  usart.o(.bss)
    __initial_sp                             0x200002a0   Data           0  stm32f10x.o(STACK)



==============================================================================

Memory Map of the image

  Image Entry point : 0x080000ed

  Load Region LR_IROM1 (Base: 0x08000000, Size: 0x00002210, Max: 0x00020000, ABSOLUTE)

    Execution Region ER_IROM1 (Base: 0x08000000, Size: 0x000021f0, Max: 0x00020000, ABSOLUTE)

    Base Addr    Size         Type   Attr      Idx    E Section Name        Object

    0x08000000   0x000000ec   Data   RO            3    RESET               stm32f10x.o
    0x080000ec   0x00000000   Code   RO          231  * .ARM.Collect$$$$00000000  mc_w.l(entry.o)
    0x080000ec   0x00000004   Code   RO          519    .ARM.Collect$$$$00000001  mc_w.l(entry2.o)
    0x080000f0   0x00000004   Code   RO          522    .ARM.Collect$$$$00000004  mc_w.l(entry5.o)
    0x080000f4   0x00000000   Code   RO          524    .ARM.Collect$$$$00000008  mc_w.l(entry7b.o)
    0x080000f4   0x00000000   Code   RO          526    .ARM.Collect$$$$0000000A  mc_w.l(entry8b.o)
    0x080000f4   0x00000008   Code   RO          527    .ARM.Collect$$$$0000000B  mc_w.l(entry9a.o)
    0x080000fc   0x00000000   Code   RO          529    .ARM.Collect$$$$0000000D  mc_w.l(entry10a.o)
    0x080000fc   0x00000000   Code   RO          531    .ARM.Collect$$$$0000000F  mc_w.l(entry11a.o)
    0x080000fc   0x00000004   Code   RO          520    .ARM.Collect$$$$00002712  mc_w.l(entry2.o)
    0x08000100   0x00000002   Code   RO          103    .emb_text           sys.o
    0x08000102   0x00000002   PAD
    0x08000104   0x0000001c   Code   RO            4    .text               stm32f10x.o
    0x08000120   0x00000060   Code   RO           10    .text               test.o
    0x08000180   0x000000b0   Code   RO           71    .text               delay.o
    0x08000230   0x000002dc   Code   RO          104    .text               sys.o
    0x0800050c   0x0000040c   Code   RO          122    .text               usart.o
    0x08000918   0x00000084   Code   RO          146    .text               led.o
    0x0800099c   0x00000104   Code   RO          158    .text               key.o
    0x08000aa0   0x00000314   Code   RO          174    .text               read.o
    0x08000db4   0x000001d0   Code   RO          191    .text               fall.o
    0x08000f84   0x00000098   Code   RO          207    .text               timer.o
    0x0800101c   0x000000b0   Code   RO          495    .text               mf_w.l(fadd.o)
    0x080010cc   0x00000064   Code   RO          497    .text               mf_w.l(fmul.o)
    0x08001130   0x0000007c   Code   RO          499    .text               mf_w.l(fdiv.o)
    0x080011ac   0x0000014e   Code   RO          501    .text               mf_w.l(dadd.o)
    0x080012fa   0x000000e4   Code   RO          503    .text               mf_w.l(dmul.o)
    0x080013de   0x000000de   Code   RO          505    .text               mf_w.l(ddiv.o)
    0x080014bc   0x0000000a   Code   RO          507    .text               mf_w.l(ffltui.o)
    0x080014c6   0x00000022   Code   RO          509    .text               mf_w.l(dflti.o)
    0x080014e8   0x00000028   Code   RO          511    .text               mf_w.l(ffixui.o)
    0x08001510   0x00000026   Code   RO          513    .text               mf_w.l(f2d.o)
    0x08001536   0x00000002   PAD
    0x08001538   0x00000028   Code   RO          515    .text               mf_w.l(cdrcmple.o)
    0x08001560   0x00000038   Code   RO          517    .text               mf_w.l(d2f.o)
    0x08001598   0x0000002c   Code   RO          533    .text               mc_w.l(uidiv.o)
    0x080015c4   0x00000062   Code   RO          535    .text               mc_w.l(uldiv.o)
    0x08001626   0x0000001e   Code   RO          537    .text               mc_w.l(llshl.o)
    0x08001644   0x00000024   Code   RO          539    .text               mc_w.l(llsshr.o)
    0x08001668   0x00000000   Code   RO          548    .text               mc_w.l(iusefp.o)
    0x08001668   0x0000006e   Code   RO          549    .text               mf_w.l(fepilogue.o)
    0x080016d6   0x000000b6   Code   RO          551    .text               mf_w.l(depilogue.o)
    0x0800178c   0x000000a2   Code   RO          553    .text               mf_w.l(dsqrt.o)
    0x0800182e   0x00000030   Code   RO          555    .text               mf_w.l(dfixul.o)
    0x0800185e   0x00000002   PAD
    0x08001860   0x00000024   Code   RO          559    .text               mc_w.l(init.o)
    0x08001884   0x00000020   Code   RO          561    .text               mc_w.l(llushr.o)
    0x080018a4   0x00000020   Code   RO          467    i.__0printf         mc_w.l(printfa.o)
    0x080018c4   0x0000000e   Code   RO          565    i.__scatterload_copy  mc_w.l(handlers.o)
    0x080018d2   0x00000002   Code   RO          566    i.__scatterload_null  mc_w.l(handlers.o)
    0x080018d4   0x0000000e   Code   RO          567    i.__scatterload_zeroinit  mc_w.l(handlers.o)
    0x080018e2   0x00000002   PAD
    0x080018e4   0x0000000c   Code   RO          543    i.__set_errno       mc_w.l(errno.o)
    0x080018f0   0x00000164   Code   RO          474    i._fp_digits        mc_w.l(printfa.o)
    0x08001a54   0x000006dc   Code   RO          475    i._printf_core      mc_w.l(printfa.o)
    0x08002130   0x00000024   Code   RO          476    i._printf_post_padding  mc_w.l(printfa.o)
    0x08002154   0x0000002e   Code   RO          477    i._printf_pre_padding  mc_w.l(printfa.o)
    0x08002182   0x0000004c   Code   RO          224    i.sqrt              m_ws.l(sqrt.o)
    0x080021ce   0x00000002   PAD
    0x080021d0   0x00000020   Data   RO          563    Region$$Table       anon$$obj.o


    Execution Region RW_IRAM1 (Base: 0x20000000, Size: 0x000002a0, Max: 0x00005000, ABSOLUTE)

    Base Addr    Size         Type   Attr      Idx    E Section Name        Object

    0x20000000   0x00000004   Data   RW           72    .data               delay.o
    0x20000004   0x00000007   Data   RW          124    .data               usart.o
    0x2000000b   0x00000001   Data   RW          159    .data               key.o
    0x2000000c   0x00000008   Data   RW          176    .data               read.o
    0x20000014   0x00000001   Data   RW          192    .data               fall.o
    0x20000015   0x00000003   PAD
    0x20000018   0x00000004   Data   RW          208    .data               timer.o
    0x2000001c   0x00000004   Data   RW          544    .data               mc_w.l(errno.o)
    0x20000020   0x0000004b   Zero   RW          123    .bss                usart.o
    0x2000006b   0x00000005   PAD
    0x20000070   0x00000030   Zero   RW          175    .bss                read.o
    0x200000a0   0x00000200   Zero   RW            1    STACK               stm32f10x.o


==============================================================================

Image component sizes


      Code (inc. data)   RO Data    RW Data    ZI Data      Debug   Object Name

       176          8          0          4          0       2179   delay.o
       464         76          0          1          0       1228   fall.o
       260         26          0          1          0        764   key.o
       132         16          0          0          0        443   led.o
       788         86          0          8         48       1358   read.o
        28          4        236          0        512        752   stm32f10x.o
       734         48          0          0          0       2671   sys.o
        96         10          0          0          0       3179   test.o
       152         26          0          4          0        941   timer.o
      1036         48          0          7         75       4194   usart.o

    ----------------------------------------------------------------------
      3868        348        268         28        640      17709   Object Totals
         0          0         32          0          0          0   (incl. Generated)
         2          0          0          3          5          0   (incl. Padding)

    ----------------------------------------------------------------------

      Code (inc. data)   RO Data    RW Data    ZI Data      Debug   Library Member Name

        76          0          0          0          0         84   sqrt.o
         0          0          0          0          0          0   entry.o
         0          0          0          0          0          0   entry10a.o
         0          0          0          0          0          0   entry11a.o
         8          4          0          0          0          0   entry2.o
         4          0          0          0          0          0   entry5.o
         0          0          0          0          0          0   entry7b.o
         0          0          0          0          0          0   entry8b.o
         8          4          0          0          0          0   entry9a.o
        12          6          0          4          0         68   errno.o
        30          0          0          0          0          0   handlers.o
        36          8          0          0          0         68   init.o
         0          0          0          0          0          0   iusefp.o
        30          0          0          0          0         68   llshl.o
        36          0          0          0          0         68   llsshr.o
        32          0          0          0          0         68   llushr.o
      2226         90          0          0          0        444   printfa.o
        44          0          0          0          0         80   uidiv.o
        98          0          0          0          0         92   uldiv.o
        40          2          0          0          0         68   cdrcmple.o
        56          0          0          0          0         88   d2f.o
       334          0          0          0          0        148   dadd.o
       222          0          0          0          0        100   ddiv.o
       182          0          0          0          0        176   depilogue.o
        48          0          0          0          0         68   dfixul.o
        34          0          0          0          0         76   dflti.o
       228          0          0          0          0         96   dmul.o
       162          0          0          0          0        100   dsqrt.o
        38          0          0          0          0         68   f2d.o
       176          0          0          0          0        140   fadd.o
       124          0          0          0          0         88   fdiv.o
       110          0          0          0          0        168   fepilogue.o
        40          0          0          0          0         68   ffixui.o
        10          0          0          0          0         68   ffltui.o
       100          0          0          0          0         76   fmul.o

    ----------------------------------------------------------------------
      4552        114          0          4          0       2636   Library Totals
         8          0          0          0          0          0   (incl. Padding)

    ----------------------------------------------------------------------

      Code (inc. data)   RO Data    RW Data    ZI Data      Debug   Library Name

        76          0          0          0          0         84   m_ws.l
      2564        112          0          4          0        956   mc_w.l
      1904          2          0          0          0       1596   mf_w.l

    ----------------------------------------------------------------------
      4552        114          0          4          0       2636   Library Totals

    ----------------------------------------------------------------------

==============================================================================


      Code (inc. data)   RO Data    RW Data    ZI Data      Debug   

      8420        462        268         32        640      18469   Grand Totals
      8420        462        268         32        640      18469   ELF Image Totals
      8420        462        268         32          0          0   ROM Totals

==============================================================================

    Total RO  Size (Code + RO Data)                 8688 (   8.48kB)
    Total RW  Size (RW Data + ZI Data)               672 (   0.66kB)
    Total ROM Size (Code + RO Data + RW Data)       8720 (   8.52kB)

==============================================================================

